// Jest Snapshot v1, https://goo.gl/fbAQLP

exports[`<CardStackScreen> should match to snapshot 1`] = `ShallowWrapper {}`;
