// Jest Snapshot v1, https://goo.gl/fbAQLP

exports[`<CardScreen> should match to snapshot 1`] = `ShallowWrapper {}`;
