// Jest Snapshot v1, https://goo.gl/fbAQLP

exports[`<MediaScreen> should match to snapshot 1`] = `ShallowWrapper {}`;
