// Jest Snapshot v1, https://goo.gl/fbAQLP

exports[`<ReferenceGuideScreen> should match to snapshot 1`] = `ShallowWrapper {}`;
