// Jest Snapshot v1, https://goo.gl/fbAQLP

exports[`<MediaCard> should match to snapshot 1`] = `ShallowWrapper {}`;
