// Jest Snapshot v1, https://goo.gl/fbAQLP

exports[`<MonoText> Rendering should match to snapshot 1`] = `ShallowWrapper {}`;
